Archive member included to satisfy reference by file (symbol)

c:/program files/microchip/xc8/v3.00/avr/bin/../lib/gcc/avr/5.4.0/avr5\libgcc.a(_copy_data.o)
                              build/default/debug/main.o (__do_copy_data)
c:/program files/microchip/xc8/v3.00/avr/bin/../lib/gcc/avr/5.4.0/../../../../avr/lib/avr5\libc.a(exit.o)
                              C:/Program Files/Microchip/MPLABX/v6.20/packs/Microchip/ATmega_DFP/3.1.264/xc8/avr/lib/avr5/crtatmega328pb.o (exit)
c:/program files/microchip/xc8/v3.00/avr/bin/../lib/gcc/avr/5.4.0/../../../../avr/lib/avr5\libc.a(__sio_sprintf_doux.o)
                              build/default/debug/command_execution.o (_sprintf_cdopuxX)
c:/program files/microchip/xc8/v3.00/avr/bin/../lib/gcc/avr/5.4.0/../../../../avr/lib/avr5\libc.a(__fmt_d.o)
                              c:/program files/microchip/xc8/v3.00/avr/bin/../lib/gcc/avr/5.4.0/../../../../avr/lib/avr5\libc.a(__sio_sprintf_doux.o) (__fmt_d_needed)
c:/program files/microchip/xc8/v3.00/avr/bin/../lib/gcc/avr/5.4.0/../../../../avr/lib/avr5\libc.a(__fmt_o.o)
                              c:/program files/microchip/xc8/v3.00/avr/bin/../lib/gcc/avr/5.4.0/../../../../avr/lib/avr5\libc.a(__sio_sprintf_doux.o) (__fmt_o_needed)
c:/program files/microchip/xc8/v3.00/avr/bin/../lib/gcc/avr/5.4.0/../../../../avr/lib/avr5\libc.a(__fmt_s.o)
                              c:/program files/microchip/xc8/v3.00/avr/bin/../lib/gcc/avr/5.4.0/../../../../avr/lib/avr5\libc.a(__sio_sprintf_doux.o) (__fmt_s_needed)
c:/program files/microchip/xc8/v3.00/avr/bin/../lib/gcc/avr/5.4.0/../../../../avr/lib/avr5\libc.a(__fmt_u.o)
                              c:/program files/microchip/xc8/v3.00/avr/bin/../lib/gcc/avr/5.4.0/../../../../avr/lib/avr5\libc.a(__fmt_d.o) (__cvt_u)
c:/program files/microchip/xc8/v3.00/avr/bin/../lib/gcc/avr/5.4.0/../../../../avr/lib/avr5\libc.a(__fmt_x.o)
                              c:/program files/microchip/xc8/v3.00/avr/bin/../lib/gcc/avr/5.4.0/../../../../avr/lib/avr5\libc.a(__sio_sprintf_doux.o) (__fmt_x_needed)
c:/program files/microchip/xc8/v3.00/avr/bin/../lib/gcc/avr/5.4.0/../../../../avr/lib/avr5\libc.a(__pop_int.o)
                              c:/program files/microchip/xc8/v3.00/avr/bin/../lib/gcc/avr/5.4.0/../../../../avr/lib/avr5\libc.a(__sio_sprintf_doux.o) (__pop_int_needed)
c:/program files/microchip/xc8/v3.00/avr/bin/../lib/gcc/avr/5.4.0/../../../../avr/lib/avr5\libc.a(__printf_core.o)
                              c:/program files/microchip/xc8/v3.00/avr/bin/../lib/gcc/avr/5.4.0/../../../../avr/lib/avr5\libc.a(__fmt_d.o) (__pad)
c:/program files/microchip/xc8/v3.00/avr/bin/../lib/gcc/avr/5.4.0/../../../../avr/lib/avr5\libc.a(fputc.o)
                              c:/program files/microchip/xc8/v3.00/avr/bin/../lib/gcc/avr/5.4.0/../../../../avr/lib/avr5\libc.a(__printf_core.o) (fputc)
c:/program files/microchip/xc8/v3.00/avr/bin/../lib/gcc/avr/5.4.0/../../../../avr/lib/avr5\libc.a(strtoul.o)
                              build/default/debug/command_execution.o (strtoul)
c:/program files/microchip/xc8/v3.00/avr/bin/../lib/gcc/avr/5.4.0/../../../../avr/lib/avr5\libc.a(memset.o)
                              build/default/debug/command_execution.o (memset)
c:/program files/microchip/xc8/v3.00/avr/bin/../lib/gcc/avr/5.4.0/../../../../avr/lib/avr5\libc.a(strcmp.o)
                              build/default/debug/command_execution.o (strcmp)
c:/program files/microchip/xc8/v3.00/avr/bin/../lib/gcc/avr/5.4.0/../../../../avr/lib/avr5\libc.a(strlen.o)
                              c:/program files/microchip/xc8/v3.00/avr/bin/../lib/gcc/avr/5.4.0/../../../../avr/lib/avr5\libc.a(__fmt_s.o) (strlen)
c:/program files/microchip/xc8/v3.00/avr/bin/../lib/gcc/avr/5.4.0/../../../../avr/lib/avr5\libc.a(strncmp.o)
                              build/default/debug/command_execution.o (strncmp)
c:/program files/microchip/xc8/v3.00/avr/bin/../lib/gcc/avr/5.4.0/../../../../avr/lib/avr5\libc.a(strncpy.o)
                              build/default/debug/command_execution.o (strncpy)
c:/program files/microchip/xc8/v3.00/avr/bin/../lib/gcc/avr/5.4.0/../../../../avr/lib/avr5\libc.a(strtok.o)
                              build/default/debug/command_execution.o (strtok)
c:/program files/microchip/xc8/v3.00/avr/bin/../lib/gcc/avr/5.4.0/../../../../avr/lib/avr5\libc.a(tolower.o)
                              c:/program files/microchip/xc8/v3.00/avr/bin/../lib/gcc/avr/5.4.0/../../../../avr/lib/avr5\libc.a(__printf_core.o) (tolower)
c:/program files/microchip/xc8/v3.00/avr/bin/../lib/gcc/avr/5.4.0/../../../../avr/lib/avr5\libc.a(toupper.o)
                              c:/program files/microchip/xc8/v3.00/avr/bin/../lib/gcc/avr/5.4.0/../../../../avr/lib/avr5\libc.a(__fmt_x.o) (toupper)
c:/program files/microchip/xc8/v3.00/avr/bin/../lib/gcc/avr/5.4.0/../../../../avr/lib/avr5\libc.a(errno.o)
[...]
Memory Configuration

Name             Origin             Length             Attributes
text             0x0000000000000000 0x0000000000008000 xr
data             0x0000000000800100 0x0000000000000800 rw !x
eeprom           0x0000000000810000 0x0000000000000400 rw !x
fuse             0x0000000000820000 0x0000000000000003 rw !x
lock             0x0000000000830000 0x0000000000000400 rw !x
signature        0x0000000000840000 0x0000000000000400 rw !x
user_signatures  0x0000000000850000 0x0000000000000400 rw !x
bootrow          0x0000000000860000 0x0000000000000400 rw !x
*default*        0x0000000000000000 0xffffffffffffffff

Linker script and memory map

Address of section .data set to 0x800100
LOAD C:/Program Files/Microchip/MPLABX/v6.20/packs/Microchip/ATmega_DFP/3.1.264/xc8/avr/lib/avr5/crtatmega328pb.o
                0x0000000000000001                __MPLAB_BUILD = 0x1
LOAD build/default/debug/main.o
LOAD build/default/debug/UART_setup.o
LOAD build/default/debug/command_execution.o
LOAD build/default/debug/eeprom.o
LOAD build/default/debug/setup_LCD_PEX.o
LOAD build/default/debug/setup_TWI.o
START GROUP
LOAD c:/program files/microchip/xc8/v3.00/avr/bin/../lib/gcc/avr/5.4.0/../../../../avr/lib/avr5\libm.a
END GROUP
                0x0000000000000001                __MPLAB_DEBUG = 0x1
                0x0000000000000001                __DEBUG = 0x1
START GROUP
LOAD c:/program files/microchip/xc8/v3.00/avr/bin/../lib/gcc/avr/5.4.0/avr5\libgcc.a
LOAD c:/program files/microchip/xc8/v3.00/avr/bin/../lib/gcc/avr/5.4.0/../../../../avr/lib/avr5\libm.a
LOAD c:/program files/microchip/xc8/v3.00/avr/bin/../lib/gcc/avr/5.4.0/../../../../avr/lib/avr5\libc.a
LOAD C:/Program Files/Microchip/MPLABX/v6.20/packs/Microchip/ATmega_DFP/3.1.264/xc8/avr/lib/avr5\libatmega328pb.a
END GROUP
                [0x0000000000000000]                __TEXT_REGION_ORIGIN__ = DEFINED (__TEXT_REGION_ORIGIN__)?__TEXT_REGION_ORIGIN__:0x0
                [0x0000000000800100]                __DATA_REGION_ORIGIN__ = DEFINED (__DATA_REGION_ORIGIN__)?__DATA_REGION_ORIGIN__:0x800060
                [0x0000000000008000]                __TEXT_REGION_LENGTH__ = DEFINED (__TEXT_REGION_LENGTH__)?__TEXT_REGION_LENGTH__:0x20000
                [0x0000000000000800]                __DATA_REGION_LENGTH__ = DEFINED (__DATA_REGION_LENGTH__)?__DATA_REGION_LENGTH__:0xffa0
                [0x0000000000000400]                __EEPROM_REGION_LENGTH__ = DEFINED (__EEPROM_REGION_LENGTH__)?__EEPROM_REGION_LENGTH__:0x10000
                [0x0000000000000003]                __FUSE_REGION_LENGTH__ = DEFINED (__FUSE_REGION_LENGTH__)?__FUSE_REGION_LENGTH__:0x400
                0x0000000000000400                __LOCK_REGION_LENGTH__ = DEFINED (__LOCK_REGION_LENGTH__)?__LOCK_REGION_LENGTH__:0x400
                0x0000000000000400                __SIGNATURE_REGION_LENGTH__ = DEFINED (__SIGNATURE_REGION_LENGTH__)?__SIGNATURE_REGION_LENGTH__:0x400
                0x0000000000000400                __USER_SIGNATURE_REGION_LENGTH__ = DEFINED (__USER_SIGNATURE_REGION_LENGTH__)?__USER_SIGNATURE_REGION_LENGTH__:0x400
                0x0000000000000400                __BOOTROW_REGION_LENGTH__ = DEFINED (__BOOTROW_REGION_LENGTH__)?__BOOTROW_REGION_LENGTH__:0x400

.hash
 *(.hash)

.dynsym
 *(.dynsym)

.dynstr
 *(.dynstr)

.gnu.version
 *(.gnu.version)

.gnu.version_d
 *(.gnu.version_d)

.gnu.version_r
 *(.gnu.version_r)

.rel.init
 *(.rel.init)

.rela.init
 *(.rela.init)

.rel.text
 *(.rel.text)
 *(.rel.text.*)
 *(.rel.gnu.linkonce.t*)

.rela.text
 *(.rela.text)
 *(.rela.text.*)
 *(.rela.gnu.linkonce.t*)

.rel.fini
 *(.rel.fini)

.rela.fini
 *(.rela.fini)

.rel.rodata
 *(.rel.rodata)
 *(.rel.rodata.*)
 *(.rel.gnu.linkonce.r*)

.rela.rodata
 *(.rela.rodata)
 *(.rela.rodata.*)
 *(.rela.gnu.linkonce.r*)

.rel.data
 *(.rel.data)
 *(.rel.data.*)
 *(.rel.gnu.linkonce.d*)

.rela.data
 *(.rela.data)
 *(.rela.data.*)
 *(.rela.gnu.linkonce.d*)

.rel.ctors
 *(.rel.ctors)

.rela.ctors
 *(.rela.ctors)

.rel.dtors
 *(.rel.dtors)

.rela.dtors
 *(.rela.dtors)

.rel.got
 *(.rel.got)

.rela.got
 *(.rela.got)

.rel.bss
 *(.rel.bss)

.rela.bss
 *(.rela.bss)

.rel.plt
 *(.rel.plt)

.rela.plt
 *(.rela.plt)

.text           0x0000000000000000      0x126
 *(.vectors)
 .vectors       0x0000000000000000       0xb4 C:/Program Files/Microchip/MPLABX/v6.20/packs/Microchip/ATmega_DFP/3.1.264/xc8/avr/lib/avr5/crtatmega328pb.o
                0x0000000000000000                __vector_default
                0x0000000000000000                __vectors
 *(.vectors)
 *(.progmem.gcc*)
 *(.dinit)
 .dinit         0x00000000000000b4       0x1d data_init
                0x00000000000000d2                . = ALIGN (0x2)
 *fill*         0x00000000000000d1        0x1 
                0x00000000000000d2                __trampolines_start = .
 *(.trampolines)
 .trampolines   0x00000000000000d2        0x0 linker stubs
 *(.trampolines*)
                0x00000000000000d2                __trampolines_end = .
 *libprintf_flt.a:*(.progmem.data)
 *libc.a:*(.progmem.data)
                0x00000000000000d2                . = ALIGN (0x2)
 *(.jumptables)
 *(.jumptables*)
 *(.lowtext)
 *(.lowtext*)
                0x00000000000000d2                __ctors_start = .
 *(.ctors)
                0x00000000000000d2                __ctors_end = .
                0x00000000000000d2                __dtors_start = .
 *(.dtors)
                0x00000000000000d2                __dtors_end = .
 SORT(*)(.ctors)
 SORT(*)(.dtors)
 *(.init0)
 .init0         0x00000000000000d2        0x0 C:/Program Files/Microchip/MPLABX/v6.20/packs/Microchip/ATmega_DFP/3.1.264/xc8/avr/lib/avr5/crtatmega328pb.o
                0x00000000000000d2                __init
 *(.init0)
 *(.init1)
 *(.init1)
 *(.init2)
 .init2         0x00000000000000d2        0xc C:/Program Files/Microchip/MPLABX/v6.20/packs/Microchip/ATmega_DFP/3.1.264/xc8/avr/lib/avr5/crtatmega328pb.o
 *(.init2)
 *(.init3)
 *(.init3)
 *(.init4)
 .init4         0x00000000000000de       0x3c c:/program files/microchip/xc8/v3.00/avr/bin/../lib/gcc/avr/5.4.0/avr5\libgcc.a(_copy_data.o)
                0x00000000000000de                __do_copy_data
                0x000000000000010c                __do_clear_bss
 *(.init4)
 *(.init5)
 *(.init5)
 *(.init6)
 *(.init6)
 *(.init7)
 *(.init7)
 *(.init8)
 *(.init8)
 *(.init9)
 .init9         0x000000000000011a        0x8 C:/Program Files/Microchip/MPLABX/v6.20/packs/Microchip/ATmega_DFP/3.1.264/xc8/avr/lib/avr5/crtatmega328pb.o
 *(.init9)
                0x0000000000000122                . = ALIGN (0x2)
 *(.fini9)
 .fini9         0x0000000000000122        0x0 c:/program files/microchip/xc8/v3.00/avr/bin/../lib/gcc/avr/5.4.0/avr5\libgcc.a(_exit.o)
                0x0000000000000122                _exit
 *(.fini9)
 *(.fini8)
 *(.fini8)
 *(.fini7)
 *(.fini7)
 *(.fini6)
 *(.fini6)
 *(.fini5)
 *(.fini5)
 *(.fini4)
 *(.fini4)
 *(.fini3)
 *(.fini3)
 *(.fini2)
 *(.fini2)
 *(.fini1)
 *(.fini1)
 *(.fini0)
 .fini0         0x0000000000000122        0x4 c:/program files/microchip/xc8/v3.00/avr/bin/../lib/gcc/avr/5.4.0/avr5\libgcc.a(_exit.o)
 *(.fini0)
                0x0000000000000126                _etext = .

.data           0x0000000000800100        0x0 load address 0x0000000000000126
                [!provide]                        PROVIDE (__data_start, .)
 *(.gnu.linkonce.d*)
 *(.gnu.linkonce.r*)
                0x0000000000800100                . = ALIGN (0x2)
                0x0000000000800100                _edata = .
                [!provide]                        PROVIDE (__data_end, .)

.bss            0x0000000000800100        0x2
                [!provide]                        PROVIDE (__bss_start, .)
 *(COMMON)
 COMMON         0x0000000000800100        0x2 c:/program files/microchip/xc8/v3.00/avr/bin/../lib/gcc/avr/5.4.0/../../../../avr/lib/avr5\libc.a(errno.o)
                0x0000000000800100                __errno_val
                [!provide]                        PROVIDE (__bss_end, .)
                0x0000000000000126                __data_load_start = LOADADDR (.data)
                0x0000000000000126                __data_load_end = (__data_load_start + SIZEOF (.data))

.noinit         0x0000000000800102        0x0
                [!provide]                        PROVIDE (__noinit_start, .)
 *(.noinit*)
                [!provide]                        PROVIDE (__noinit_end, .)
                0x0000000000800102                _end = .

.eeprom         0x0000000000810000        0x0
 *(.eeprom*)
                0x0000000000810000                __eeprom_end = .

.fuse
 *(.fuse)
 *(.lfuse)
 *(.hfuse)
 *(.efuse)

.lock
 *(.lock*)

.signature
 *(.signature*)

.user_signatures
 *(.user_signatures*)

.bootrow
 *(.bootrow*)

.stab
 *(.stab)

.stabstr
 *(.stabstr)

.stab.excl
 *(.stab.excl)

.stab.exclstr
 *(.stab.exclstr)

.stab.index
 *(.stab.index)

.stab.indexstr
 *(.stab.indexstr)

.comment        0x0000000000000000       0x5b
 *(.comment)
 .comment       0x0000000000000000       0x2f build/default/debug/main.o
                                         0x30 (size before relaxing)
 .comment       0x000000000000002f       0x30 build/default/debug/UART_setup.o
 .comment       0x000000000000002f       0x30 build/default/debug/command_execution.o
 .comment       0x000000000000002f       0x30 build/default/debug/eeprom.o
 .comment       0x000000000000002f       0x30 build/default/debug/setup_LCD_PEX.o
 .comment       0x000000000000002f       0x30 build/default/debug/setup_TWI.o
 .comment       0x000000000000002f       0x2c c:/program files/microchip/xc8/v3.00/avr/bin/../lib/gcc/avr/5.4.0/../../../../avr/lib/avr5\libc.a(exit.o)
                                         0x2d (size before relaxing)
 .comment       0x000000000000005b       0x2d c:/program files/microchip/xc8/v3.00/avr/bin/../lib/gcc/avr/5.4.0/../../../../avr/lib/avr5\libc.a(__sio_sprintf_doux.o)
 .comment       0x000000000000005b       0x2d c:/program files/microchip/xc8/v3.00/avr/bin/../lib/gcc/avr/5.4.0/../../../../avr/lib/avr5\libc.a(__fmt_d.o)
 .comment       0x000000000000005b       0x2d c:/program files/microchip/xc8/v3.00/avr/bin/../lib/gcc/avr/5.4.0/../../../../avr/lib/avr5\libc.a(__fmt_o.o)
 .comment       0x000000000000005b       0x2d c:/program files/microchip/xc8/v3.00/avr/bin/../lib/gcc/avr/5.4.0/../../../../avr/lib/avr5\libc.a(__fmt_s.o)
 .comment       0x000000000000005b       0x2d c:/program files/microchip/xc8/v3.00/avr/bin/../lib/gcc/avr/5.4.0/../../../../avr/lib/avr5\libc.a(__fmt_u.o)
 .comment       0x000000000000005b       0x2d c:/program files/microchip/xc8/v3.00/avr/bin/../lib/gcc/avr/5.4.0/../../../../avr/lib/avr5\libc.a(__fmt_x.o)
 .comment       0x000000000000005b       0x2d c:/program files/microchip/xc8/v3.00/avr/bin/../lib/gcc/avr/5.4.0/../../../../avr/lib/avr5\libc.a(__pop_int.o)
 .comment       0x000000000000005b       0x2d c:/program files/microchip/xc8/v3.00/avr/bin/../lib/gcc/avr/5.4.0/../../../../avr/lib/avr5\libc.a(__printf_core.o)
 .comment       0x000000000000005b       0x2d c:/program files/microchip/xc8/v3.00/avr/bin/../lib/gcc/avr/5.4.0/../../../../avr/lib/avr5\libc.a(fputc.o)
 .comment       0x000000000000005b       0x2d c:/program files/microchip/xc8/v3.00/avr/bin/../lib/gcc/avr/5.4.0/../../../../avr/lib/avr5\libc.a(strtoul.o)
 .comment       0x000000000000005b       0x2d c:/program files/microchip/xc8/v3.00/avr/bin/../lib/gcc/avr/5.4.0/../../../../avr/lib/avr5\libc.a(memset.o)
 .comment       0x000000000000005b       0x2d c:/program files/microchip/xc8/v3.00/avr/bin/../lib/gcc/avr/5.4.0/../../../../avr/lib/avr5\libc.a(strcmp.o)
 .comment       0x000000000000005b       0x2d c:/program files/microchip/xc8/v3.00/avr/bin/../lib/gcc/avr/5.4.0/../../../../avr/lib/avr5\libc.a(strlen.o)
 .comment       0x000000000000005b       0x2d c:/program files/microchip/xc8/v3.00/avr/bin/../lib/gcc/avr/5.4.0/../../../../avr/lib/avr5\libc.a(strncmp.o)
 .comment       0x000000000000005b       0x2d c:/program files/microchip/xc8/v3.00/avr/bin/../lib/gcc/avr/5.4.0/../../../../avr/lib/avr5\libc.a(strncpy.o)
 .comment       0x000000000000005b       0x2d c:/program files/microchip/xc8/v3.00/avr/bin/../lib/gcc/avr/5.4.0/../../../../avr/lib/avr5\libc.a(strtok.o)
 .comment       0x000000000000005b       0x2d c:/program files/microchip/xc8/v3.00/avr/bin/../lib/gcc/avr/5.4.0/../../../../avr/lib/avr5\libc.a(tolower.o)
 .comment       0x000000000000005b       0x2d c:/program files/microchip/xc8/v3.00/avr/bin/../lib/gcc/avr/5.4.0/../../../../avr/lib/avr5\libc.a(toupper.o)
 .comment       0x000000000000005b       0x2d c:/program files/microchip/xc8/v3.00/avr/bin/../lib/gcc/avr/5.4.0/../../../../avr/lib/avr5\libc.a(errno.o)
 .comment       0x000000000000005b       0x2d c:/program files/microchip/xc8/v3.00/avr/bin/../lib/gcc/avr/5.4.0/../../../../avr/lib/avr5\libc.a(_Exit.o)
 .comment       0x000000000000005b       0x2d c:/program files/microchip/xc8/v3.00/avr/bin/../lib/gcc/avr/5.4.0/../../../../avr/lib/avr5\libc.a(__int_vsprintf.o)
 .comment       0x000000000000005b       0x2d c:/program files/microchip/xc8/v3.00/avr/bin/../lib/gcc/avr/5.4.0/../../../../avr/lib/avr5\libc.a(__int_vsnprintf.o)
 .comment       0x000000000000005b       0x2d c:/program files/microchip/xc8/v3.00/avr/bin/../lib/gcc/avr/5.4.0/../../../../avr/lib/avr5\libc.a(__strtoxl.o)
 .comment       0x000000000000005b       0x2d c:/program files/microchip/xc8/v3.00/avr/bin/../lib/gcc/avr/5.4.0/../../../../avr/lib/avr5\libc.a(strcspn.o)
 .comment       0x000000000000005b       0x2d c:/program files/microchip/xc8/v3.00/avr/bin/../lib/gcc/avr/5.4.0/../../../../avr/lib/avr5\libc.a(strspn.o)
 .comment       0x000000000000005b       0x2d c:/program files/microchip/xc8/v3.00/avr/bin/../lib/gcc/avr/5.4.0/../../../../avr/lib/avr5\libc.a(isalnum.o)
 .comment       0x000000000000005b       0x2d c:/program files/microchip/xc8/v3.00/avr/bin/../lib/gcc/avr/5.4.0/../../../../avr/lib/avr5\libc.a(__int_vfprintf.o)
 .comment       0x000000000000005b       0x2d c:/program files/microchip/xc8/v3.00/avr/bin/../lib/gcc/avr/5.4.0/../../../../avr/lib/avr5\libc.a(strchr.o)

.stack.descriptors.hdr
                0x0000000000000000      0x206
 .stack.descriptors.hdr
                0x0000000000000000        0xe c:/program files/microchip/xc8/v3.00/avr/bin/../lib/gcc/avr/5.4.0/../../../../avr/lib/avr5\libc.a(exit.o)
 .stack.descriptors.hdr
                0x000000000000000e        0xe c:/program files/microchip/xc8/v3.00/avr/bin/../lib/gcc/avr/5.4.0/../../../../avr/lib/avr5\libc.a(__sio_sprintf_doux.o)
 .stack.descriptors.hdr
                0x000000000000001c        0xe c:/program files/microchip/xc8/v3.00/avr/bin/../lib/gcc/avr/5.4.0/../../../../avr/lib/avr5\libc.a(__fmt_d.o)
 .stack.descriptors.hdr
                0x000000000000002a        0xe c:/program files/microchip/xc8/v3.00/avr/bin/../lib/gcc/avr/5.4.0/../../../../avr/lib/avr5\libc.a(__fmt_o.o)
 .stack.descriptors.hdr
                0x0000000000000038        0xe c:/program files/microchip/xc8/v3.00/avr/bin/../lib/gcc/avr/5.4.0/../../../../avr/lib/avr5\libc.a(__fmt_s.o)
 .stack.descriptors.hdr
                0x0000000000000046        0xe c:/program files/microchip/xc8/v3.00/avr/bin/../lib/gcc/avr/5.4.0/../../../../avr/lib/avr5\libc.a(__fmt_u.o)
 .stack.descriptors.hdr
                0x0000000000000054        0xe c:/program files/microchip/xc8/v3.00/avr/bin/../lib/gcc/avr/5.4.0/../../../../avr/lib/avr5\libc.a(__fmt_x.o)
 .stack.descriptors.hdr
                0x0000000000000062        0xe c:/program files/microchip/xc8/v3.00/avr/bin/../lib/gcc/avr/5.4.0/../../../../avr/lib/avr5\libc.a(__pop_int.o)
 .stack.descriptors.hdr
                0x0000000000000070        0xe c:/program files/microchip/xc8/v3.00/avr/bin/../lib/gcc/avr/5.4.0/../../../../avr/lib/avr5\libc.a(__printf_core.o)
 .stack.descriptors.hdr
                0x000000000000007e        0xe c:/program files/microchip/xc8/v3.00/avr/bin/../lib/gcc/avr/5.4.0/../../../../avr/lib/avr5\libc.a(fputc.o)
 .stack.descriptors.hdr
                0x000000000000008c        0xe c:/program files/microchip/xc8/v3.00/avr/bin/../lib/gcc/avr/5.4.0/../../../../avr/lib/avr5\libc.a(strtoul.o)
 .stack.descriptors.hdr
                0x000000000000009a        0xe c:/program files/microchip/xc8/v3.00/avr/bin/../lib/gcc/avr/5.4.0/../../../../avr/lib/avr5\libc.a(memset.o)
 .stack.descriptors.hdr
                0x00000000000000a8        0xe c:/program files/microchip/xc8/v3.00/avr/bin/../lib/gcc/avr/5.4.0/../../../../avr/lib/avr5\libc.a(strcmp.o)
 .stack.descriptors.hdr
                0x00000000000000b6        0xe c:/program files/microchip/xc8/v3.00/avr/bin/../lib/gcc/avr/5.4.0/../../../../avr/lib/avr5\libc.a(strlen.o)
 .stack.descriptors.hdr
                0x00000000000000c4        0xe c:/program files/microchip/xc8/v3.00/avr/bin/../lib/gcc/avr/5.4.0/../../../../avr/lib/avr5\libc.a(strncmp.o)
 .stack.descriptors.hdr
                0x00000000000000d2        0xe c:/program files/microchip/xc8/v3.00/avr/bin/../lib/gcc/avr/5.4.0/../../../../avr/lib/avr5\libc.a(strncpy.o)
 .stack.descriptors.hdr
                0x00000000000000e0        0xe c:/program files/microchip/xc8/v3.00/avr/bin/../lib/gcc/avr/5.4.0/../../../../avr/lib/avr5\libc.a(strtok.o)
 .stack.descriptors.hdr
                0x00000000000000ee        0xe c:/program files/microchip/xc8/v3.00/avr/bin/../lib/gcc/avr/5.4.0/../../../../avr/lib/avr5\libc.a(tolower.o)
 .stack.descriptors.hdr
                0x00000000000000fc        0xe c:/program files/microchip/xc8/v3.00/avr/bin/../lib/gcc/avr/5.4.0/../../../../avr/lib/avr5\libc.a(toupper.o)
 .stack.descriptors.hdr
                0x000000000000010a        0xe c:/program files/microchip/xc8/v3.00/avr/bin/../lib/gcc/avr/5.4.0/../../../../avr/lib/avr5\libc.a(errno.o)
 .stack.descriptors.hdr
                0x0000000000000118        0xe c:/program files/microchip/xc8/v3.00/avr/bin/../lib/gcc/avr/5.4.0/../../../../avr/lib/avr5\libc.a(_Exit.o)
 .stack.descriptors.hdr
                0x0000000000000126        0xe c:/program files/microchip/xc8/v3.00/avr/bin/../lib/gcc/avr/5.4.0/../../../../avr/lib/avr5\libc.a(__int_vsprintf.o)
 .stack.descriptors.hdr
                0x0000000000000134        0xe c:/program files/microchip/xc8/v3.00/avr/bin/../lib/gcc/avr/5.4.0/../../../../avr/lib/avr5\libc.a(__int_vsnprintf.o)
 .stack.descriptors.hdr
                0x0000000000000142        0xe c:/program files/microchip/xc8/v3.00/avr/bin/../lib/gcc/avr/5.4.0/../../../../avr/lib/avr5\libc.a(__strtoxl.o)
 .stack.descriptors.hdr
                0x0000000000000150        0xe c:/program files/microchip/xc8/v3.00/avr/bin/../lib/gcc/avr/5.4.0/../../../../avr/lib/avr5\libc.a(strcspn.o)
 .stack.descriptors.hdr
                0x000000000000015e        0xe c:/program files/microchip/xc8/v3.00/avr/bin/../lib/gcc/avr/5.4.0/../../../../avr/lib/avr5\libc.a(strspn.o)
 .stack.descriptors.hdr
                0x000000000000016c        0xe c:/program files/microchip/xc8/v3.00/avr/bin/../lib/gcc/avr/5.4.0/../../../../avr/lib/avr5\libc.a(isalnum.o)
 .stack.descriptors.hdr
                0x000000000000017a        0xe c:/program files/microchip/xc8/v3.00/avr/bin/../lib/gcc/avr/5.4.0/../../../../avr/lib/avr5\libc.a(__int_vfprintf.o)
 .stack.descriptors.hdr
                0x0000000000000188        0xe c:/program files/microchip/xc8/v3.00/avr/bin/../lib/gcc/avr/5.4.0/../../../../avr/lib/avr5\libc.a(strchr.o)
 .stack.descriptors.hdr
                0x0000000000000196        0xe C:/Program Files/Microchip/MPLABX/v6.20/packs/Microchip/ATmega_DFP/3.1.264/xc8/avr/lib/avr5\libatmega328pb.a(eerd_block.o)
 .stack.descriptors.hdr
                0x00000000000001a4        0xe C:/Program Files/Microchip/MPLABX/v6.20/packs/Microchip/ATmega_DFP/3.1.264/xc8/avr/lib/avr5\libatmega328pb.a(eewr_block.o)
 .stack.descriptors.hdr
                0x00000000000001b2        0xe C:/Program Files/Microchip/MPLABX/v6.20/packs/Microchip/ATmega_DFP/3.1.264/xc8/avr/lib/avr5\libatmega328pb.a(eewr_byte.o)
 .stack.descriptors.hdr
                0x00000000000001c0        0xe c:/program files/microchip/xc8/v3.00/avr/bin/../lib/gcc/avr/5.4.0/avr5\libgcc.a(_mulsi3.o)
 .stack.descriptors.hdr
                0x00000000000001ce        0xe c:/program files/microchip/xc8/v3.00/avr/bin/../lib/gcc/avr/5.4.0/avr5\libgcc.a(_udivmodsi4.o)
 .stack.descriptors.hdr
                0x00000000000001dc        0xe c:/program files/microchip/xc8/v3.00/avr/bin/../lib/gcc/avr/5.4.0/avr5\libgcc.a(_exit.o)
 .stack.descriptors.hdr
                0x00000000000001ea        0xe c:/program files/microchip/xc8/v3.00/avr/bin/../lib/gcc/avr/5.4.0/avr5\libgcc.a(_muluhisi3.o)
 .stack.descriptors.hdr
                0x00000000000001f8        0xe c:/program files/microchip/xc8/v3.00/avr/bin/../lib/gcc/avr/5.4.0/avr5\libgcc.a(_umulhisi3.o)

.note.GNU-stack
                0x0000000000000000        0x0
 .note.GNU-stack
                0x0000000000000000        0x0 c:/program files/microchip/xc8/v3.00/avr/bin/../lib/gcc/avr/5.4.0/../../../../avr/lib/avr5\libc.a(exit.o)
 .note.GNU-stack
                0x0000000000000000        0x0 c:/program files/microchip/xc8/v3.00/avr/bin/../lib/gcc/avr/5.4.0/../../../../avr/lib/avr5\libc.a(__sio_sprintf_doux.o)
 .note.GNU-stack
                0x0000000000000000        0x0 c:/program files/microchip/xc8/v3.00/avr/bin/../lib/gcc/avr/5.4.0/../../../../avr/lib/avr5\libc.a(__fmt_d.o)
 .note.GNU-stack
                0x0000000000000000        0x0 c:/program files/microchip/xc8/v3.00/avr/bin/../lib/gcc/avr/5.4.0/../../../../avr/lib/avr5\libc.a(__fmt_o.o)
 .note.GNU-stack
                0x0000000000000000        0x0 c:/program files/microchip/xc8/v3.00/avr/bin/../lib/gcc/avr/5.4.0/../../../../avr/lib/avr5\libc.a(__fmt_s.o)
 .note.GNU-stack
                0x0000000000000000        0x0 c:/program files/microchip/xc8/v3.00/avr/bin/../lib/gcc/avr/5.4.0/../../../../avr/lib/avr5\libc.a(__fmt_u.o)
 .note.GNU-stack
                0x0000000000000000        0x0 c:/program files/microchip/xc8/v3.00/avr/bin/../lib/gcc/avr/5.4.0/../../../../avr/lib/avr5\libc.a(__fmt_x.o)
 .note.GNU-stack
                0x0000000000000000        0x0 c:/program files/microchip/xc8/v3.00/avr/bin/../lib/gcc/avr/5.4.0/../../../../avr/lib/avr5\libc.a(__pop_int.o)
 .note.GNU-stack
                0x0000000000000000        0x0 c:/program files/microchip/xc8/v3.00/avr/bin/../lib/gcc/avr/5.4.0/../../../../avr/lib/avr5\libc.a(__printf_core.o)
 .note.GNU-stack
                0x0000000000000000        0x0 c:/program files/microchip/xc8/v3.00/avr/bin/../lib/gcc/avr/5.4.0/../../../../avr/lib/avr5\libc.a(fputc.o)
 .note.GNU-stack
                0x0000000000000000        0x0 c:/program files/microchip/xc8/v3.00/avr/bin/../lib/gcc/avr/5.4.0/../../../../avr/lib/avr5\libc.a(strtoul.o)
 .note.GNU-stack
                0x0000000000000000        0x0 c:/program files/microchip/xc8/v3.00/avr/bin/../lib/gcc/avr/5.4.0/../../../../avr/lib/avr5\libc.a(memset.o)
 .note.GNU-stack
                0x0000000000000000        0x0 c:/program files/microchip/xc8/v3.00/avr/bin/../lib/gcc/avr/5.4.0/../../../../avr/lib/avr5\libc.a(strcmp.o)
 .note.GNU-stack
                0x0000000000000000        0x0 c:/program files/microchip/xc8/v3.00/avr/bin/../lib/gcc/avr/5.4.0/../../../../avr/lib/avr5\libc.a(strlen.o)
 .note.GNU-stack
                0x0000000000000000        0x0 c:/program files/microchip/xc8/v3.00/avr/bin/../lib/gcc/avr/5.4.0/../../../../avr/lib/avr5\libc.a(strncmp.o)
 .note.GNU-stack
                0x0000000000000000        0x0 c:/program files/microchip/xc8/v3.00/avr/bin/../lib/gcc/avr/5.4.0/../../../../avr/lib/avr5\libc.a(strncpy.o)
 .note.GNU-stack
                0x0000000000000000        0x0 c:/program files/microchip/xc8/v3.00/avr/bin/../lib/gcc/avr/5.4.0/../../../../avr/lib/avr5\libc.a(strtok.o)
 .note.GNU-stack
                0x0000000000000000        0x0 c:/program files/microchip/xc8/v3.00/avr/bin/../lib/gcc/avr/5.4.0/../../../../avr/lib/avr5\libc.a(tolower.o)
 .note.GNU-stack
                0x0000000000000000        0x0 c:/program files/microchip/xc8/v3.00/avr/bin/../lib/gcc/avr/5.4.0/../../../../avr/lib/avr5\libc.a(toupper.o)
 .note.GNU-stack
                0x0000000000000000        0x0 c:/program files/microchip/xc8/v3.00/avr/bin/../lib/gcc/avr/5.4.0/../../../../avr/lib/avr5\libc.a(errno.o)
 .note.GNU-stack
                0x0000000000000000        0x0 c:/program files/microchip/xc8/v3.00/avr/bin/../lib/gcc/avr/5.4.0/../../../../avr/lib/avr5\libc.a(_Exit.o)
 .note.GNU-stack
                0x0000000000000000        0x0 c:/program files/microchip/xc8/v3.00/avr/bin/../lib/gcc/avr/5.4.0/../../../../avr/lib/avr5\libc.a(__int_vsprintf.o)
 .note.GNU-stack
                0x0000000000000000        0x0 c:/program files/microchip/xc8/v3.00/avr/bin/../lib/gcc/avr/5.4.0/../../../../avr/lib/avr5\libc.a(__int_vsnprintf.o)
 .note.GNU-stack
                0x0000000000000000        0x0 c:/program files/microchip/xc8/v3.00/avr/bin/../lib/gcc/avr/5.4.0/../../../../avr/lib/avr5\libc.a(__strtoxl.o)
 .note.GNU-stack
                0x0000000000000000        0x0 c:/program files/microchip/xc8/v3.00/avr/bin/../lib/gcc/avr/5.4.0/../../../../avr/lib/avr5\libc.a(strcspn.o)
 .note.GNU-stack
                0x0000000000000000        0x0 c:/program files/microchip/xc8/v3.00/avr/bin/../lib/gcc/avr/5.4.0/../../../../avr/lib/avr5\libc.a(strspn.o)
 .note.GNU-stack
                0x0000000000000000        0x0 c:/program files/microchip/xc8/v3.00/avr/bin/../lib/gcc/avr/5.4.0/../../../../avr/lib/avr5\libc.a(isalnum.o)
 .note.GNU-stack
                0x0000000000000000        0x0 c:/program files/microchip/xc8/v3.00/avr/bin/../lib/gcc/avr/5.4.0/../../../../avr/lib/avr5\libc.a(__int_vfprintf.o)
 .note.GNU-stack
                0x0000000000000000        0x0 c:/program files/microchip/xc8/v3.00/avr/bin/../lib/gcc/avr/5.4.0/../../../../avr/lib/avr5\libc.a(strchr.o)

.note.gnu.build-id
 *(.note.gnu.build-id)

.debug
 *(.debug)

.line
 *(.line)

.debug_srcinfo
 *(.debug_srcinfo)

.debug_sfnames
 *(.debug_sfnames)

.debug_aranges  0x0000000000000000      0x1d8
 *(.debug_aranges)
 .debug_aranges
                0x0000000000000000       0x28 build/default/debug/main.o
 .debug_aranges
                0x0000000000000028       0x40 build/default/debug/UART_setup.o
 .debug_aranges
                0x0000000000000068       0x38 build/default/debug/command_execution.o
 .debug_aranges
                0x00000000000000a0       0x28 build/default/debug/eeprom.o
 .debug_aranges
                0x00000000000000c8       0x48 build/default/debug/setup_LCD_PEX.o
 .debug_aranges
                0x0000000000000110       0x68 build/default/debug/setup_TWI.o
 .debug_aranges
                0x0000000000000178       0x20 C:/Program Files/Microchip/MPLABX/v6.20/packs/Microchip/ATmega_DFP/3.1.264/xc8/avr/lib/avr5\libatmega328pb.a(eerd_block.o)
 .debug_aranges
                0x0000000000000198       0x20 C:/Program Files/Microchip/MPLABX/v6.20/packs/Microchip/ATmega_DFP/3.1.264/xc8/avr/lib/avr5\libatmega328pb.a(eewr_block.o)
 .debug_aranges
                0x00000000000001b8       0x20 C:/Program Files/Microchip/MPLABX/v6.20/packs/Microchip/ATmega_DFP/3.1.264/xc8/avr/lib/avr5\libatmega328pb.a(eewr_byte.o)

.debug_pubnames
 *(.debug_pubnames)

.debug_info     0x0000000000000000     0x3750
 *(.debug_info .gnu.linkonce.wi.*)
 .debug_info    0x0000000000000000      0x8ea C:/Program Files/Microchip/MPLABX/v6.20/packs/Microchip/ATmega_DFP/3.1.264/xc8/avr/lib/avr5/crtatmega328pb.o
 .debug_info    0x00000000000008ea      0x577 build/default/debug/main.o
 .debug_info    0x0000000000000e61      0x3ed build/default/debug/UART_setup.o
 .debug_info    0x000000000000124e      0xe16 build/default/debug/command_execution.o
 .debug_info    0x0000000000002064      0x373 build/default/debug/eeprom.o
 .debug_info    0x00000000000023d7      0xbd4 build/default/debug/setup_LCD_PEX.o
 .debug_info    0x0000000000002fab      0x5a8 build/default/debug/setup_TWI.o
 .debug_info    0x0000000000003553       0xaa C:/Program Files/Microchip/MPLABX/v6.20/packs/Microchip/ATmega_DFP/3.1.264/xc8/avr/lib/avr5\libatmega328pb.a(eerd_block.o)
 .debug_info    0x00000000000035fd       0xaa C:/Program Files/Microchip/MPLABX/v6.20/packs/Microchip/ATmega_DFP/3.1.264/xc8/avr/lib/avr5\libatmega328pb.a(eewr_block.o)
 .debug_info    0x00000000000036a7       0xa9 C:/Program Files/Microchip/MPLABX/v6.20/packs/Microchip/ATmega_DFP/3.1.264/xc8/avr/lib/avr5\libatmega328pb.a(eewr_byte.o)

.debug_abbrev   0x0000000000000000     0x1000
 *(.debug_abbrev)
 .debug_abbrev  0x0000000000000000      0x86e C:/Program Files/Microchip/MPLABX/v6.20/packs/Microchip/ATmega_DFP/3.1.264/xc8/avr/lib/avr5/crtatmega328pb.o
 .debug_abbrev  0x000000000000086e      0x150 build/default/debug/main.o
 .debug_abbrev  0x00000000000009be      0x118 build/default/debug/UART_setup.o
 .debug_abbrev  0x0000000000000ad6      0x1a1 build/default/debug/command_execution.o
 .debug_abbrev  0x0000000000000c77       0x90 build/default/debug/eeprom.o
 .debug_abbrev  0x0000000000000d07      0x17b build/default/debug/setup_LCD_PEX.o
 .debug_abbrev  0x0000000000000e82      0x142 build/default/debug/setup_TWI.o
 .debug_abbrev  0x0000000000000fc4       0x14 C:/Program Files/Microchip/MPLABX/v6.20/packs/Microchip/ATmega_DFP/3.1.264/xc8/avr/lib/avr5\libatmega328pb.a(eerd_block.o)
 .debug_abbrev  0x0000000000000fd8       0x14 C:/Program Files/Microchip/MPLABX/v6.20/packs/Microchip/ATmega_DFP/3.1.264/xc8/avr/lib/avr5\libatmega328pb.a(eewr_block.o)
 .debug_abbrev  0x0000000000000fec       0x14 C:/Program Files/Microchip/MPLABX/v6.20/packs/Microchip/ATmega_DFP/3.1.264/xc8/avr/lib/avr5\libatmega328pb.a(eewr_byte.o)

.debug_line     0x0000000000000000     0x11ee
 *(.debug_line .debug_line.* .debug_line_end)
 .debug_line    0x0000000000000000      0x1a6 C:/Program Files/Microchip/MPLABX/v6.20/packs/Microchip/ATmega_DFP/3.1.264/xc8/avr/lib/avr5/crtatmega328pb.o
 .debug_line    0x00000000000001a6      0x18c build/default/debug/main.o
 .debug_line    0x0000000000000332      0x18e build/default/debug/UART_setup.o
 .debug_line    0x00000000000004c0      0x453 build/default/debug/command_execution.o
 .debug_line    0x0000000000000913       0xe9 build/default/debug/eeprom.o
 .debug_line    0x00000000000009fc      0x318 build/default/debug/setup_LCD_PEX.o
 .debug_line    0x0000000000000d14      0x311 build/default/debug/setup_TWI.o
 .debug_line    0x0000000000001025       0xab C:/Program Files/Microchip/MPLABX/v6.20/packs/Microchip/ATmega_DFP/3.1.264/xc8/avr/lib/avr5\libatmega328pb.a(eerd_block.o)
 .debug_line    0x00000000000010d0       0x80 C:/Program Files/Microchip/MPLABX/v6.20/packs/Microchip/ATmega_DFP/3.1.264/xc8/avr/lib/avr5\libatmega328pb.a(eewr_block.o)
 .debug_line    0x0000000000001150       0x9e C:/Program Files/Microchip/MPLABX/v6.20/packs/Microchip/ATmega_DFP/3.1.264/xc8/avr/lib/avr5\libatmega328pb.a(eewr_byte.o)

.debug_frame    0x0000000000000000      0x350
 *(.debug_frame)
 .debug_frame   0x0000000000000000       0x34 build/default/debug/main.o
 .debug_frame   0x0000000000000034       0x78 build/default/debug/UART_setup.o
 .debug_frame   0x00000000000000ac       0xf8 build/default/debug/command_execution.o
 .debug_frame   0x00000000000001a4       0x48 build/default/debug/eeprom.o
 .debug_frame   0x00000000000001ec       0x90 build/default/debug/setup_LCD_PEX.o
 .debug_frame   0x000000000000027c       0xd4 build/default/debug/setup_TWI.o

.debug_str      0x0000000000000000      0x492
 *(.debug_str)
 .debug_str     0x0000000000000000      0x318 C:/Program Files/Microchip/MPLABX/v6.20/packs/Microchip/ATmega_DFP/3.1.264/xc8/avr/lib/avr5/crtatmega328pb.o
 .debug_str     0x0000000000000318       0x74 build/default/debug/main.o
 .debug_str     0x000000000000038c        0x0 build/default/debug/UART_setup.o
 .debug_str     0x000000000000038c       0x83 build/default/debug/command_execution.o
 .debug_str     0x000000000000040f       0x25 build/default/debug/eeprom.o
 .debug_str     0x0000000000000434       0x4b build/default/debug/setup_LCD_PEX.o
 .debug_str     0x000000000000047f       0x13 build/default/debug/setup_TWI.o

.debug_loc      0x0000000000000000      0xfaa
 *(.debug_loc)
 .debug_loc     0x0000000000000000      0x108 build/default/debug/main.o
 .debug_loc     0x0000000000000108       0x79 build/default/debug/UART_setup.o
 .debug_loc     0x0000000000000181      0x464 build/default/debug/command_execution.o
 .debug_loc     0x00000000000005e5      0x10e build/default/debug/eeprom.o
 .debug_loc     0x00000000000006f3      0x72f build/default/debug/setup_LCD_PEX.o
 .debug_loc     0x0000000000000e22      0x188 build/default/debug/setup_TWI.o

.debug_macinfo
 *(.debug_macinfo)

.debug_weaknames
 *(.debug_weaknames)

.debug_funcnames
 *(.debug_funcnames)

.debug_typenames
 *(.debug_typenames)

.debug_varnames
 *(.debug_varnames)

.debug_pubtypes
 *(.debug_pubtypes)

.debug_ranges   0x0000000000000000      0x168
 *(.debug_ranges)
 .debug_ranges  0x0000000000000000       0x18 build/default/debug/main.o
 .debug_ranges  0x0000000000000018       0x30 build/default/debug/UART_setup.o
 .debug_ranges  0x0000000000000048       0x78 build/default/debug/command_execution.o
 .debug_ranges  0x00000000000000c0       0x18 build/default/debug/eeprom.o
 .debug_ranges  0x00000000000000d8       0x38 build/default/debug/setup_LCD_PEX.o
 .debug_ranges  0x0000000000000110       0x58 build/default/debug/setup_TWI.o

.debug_macro
 *(.debug_macro)
OUTPUT(dist/default/debug/AVR-OS.X.debug.elf elf32-avr)
LOAD linker stubs
LOAD data_init

.note.gnu.avr.deviceinfo
                0x0000000000000000       0x40
 .note.gnu.avr.deviceinfo
                0x0000000000000000       0x40 C:/Program Files/Microchip/MPLABX/v6.20/packs/Microchip/ATmega_DFP/3.1.264/xc8/avr/lib/avr5/crtatmega328pb.o

.bss.i.2339     0x0000000000800325        0x1
 .bss.i.2339    0x0000000000800325        0x1 build/default/debug/UART_setup.o

.bss.command    0x00000000008002c4       0x20
 .bss.command   0x00000000008002c4       0x20 build/default/debug/UART_setup.o
                0x00000000008002c4                command

.bss.p.1208     0x0000000000800323        0x2
 .bss.p.1208    0x0000000000800323        0x2 c:/program files/microchip/xc8/v3.00/avr/bin/../lib/gcc/avr/5.4.0/../../../../avr/lib/avr5\libc.a(strtok.o)

.text.vfpfcnvrt
                0x0000000000000126      0x3fc
 .text.vfpfcnvrt
                0x0000000000000126      0x3fc c:/program files/microchip/xc8/v3.00/avr/bin/../lib/gcc/avr/5.4.0/../../../../avr/lib/avr5\libc.a(__printf_core.o)
                0x0000000000000126                vfpfcnvrt

.text.execute_command
                0x0000000000000522      0x2ce
 .text.execute_command
                0x0000000000000522      0x2ce build/default/debug/command_execution.o
                0x0000000000000522                execute_command

.text.__strtoxl
                0x00000000000007f0      0x2a2
 .text.__strtoxl
                0x00000000000007f0      0x2a2 c:/program files/microchip/xc8/v3.00/avr/bin/../lib/gcc/avr/5.4.0/../../../../avr/lib/avr5\libc.a(__strtoxl.o)
                0x00000000000007f0                __strtoxl

.text.__fmt_x   0x0000000000000a92      0x1dc
 .text.__fmt_x  0x0000000000000a92      0x1dc c:/program files/microchip/xc8/v3.00/avr/bin/../lib/gcc/avr/5.4.0/../../../../avr/lib/avr5\libc.a(__fmt_x.o)
                0x0000000000000a92                __fmt_x_needed
                0x0000000000000a92                __fmt_x

.text.login     0x0000000000000c6e      0x15a
 .text.login    0x0000000000000c6e      0x15a build/default/debug/command_execution.o
                0x0000000000000c6e                login

.text.lcd_init  0x0000000000000dc8      0x11a
 .text.lcd_init
                0x0000000000000dc8      0x11a build/default/debug/setup_LCD_PEX.o
                0x0000000000000dc8                lcd_init

.text.__fmt_d   0x0000000000000ee2       0xe4
 .text.__fmt_d  0x0000000000000ee2       0xe4 c:/program files/microchip/xc8/v3.00/avr/bin/../lib/gcc/avr/5.4.0/../../../../avr/lib/avr5\libc.a(__fmt_d.o)
                0x0000000000000ee2                __fmt_d
                0x0000000000000ee2                __fmt_d_needed

.text.__pop_int
                0x0000000000000fc6       0xd0
 .text.__pop_int
                0x0000000000000fc6       0xd0 c:/program files/microchip/xc8/v3.00/avr/bin/../lib/gcc/avr/5.4.0/../../../../avr/lib/avr5\libc.a(__pop_int.o)
                0x0000000000000fc6                __pop_int_needed
                0x0000000000000fc6                __pop_int

.text.__cvt_u   0x0000000000001096       0xca
 .text.__cvt_u  0x0000000000001096       0xca c:/program files/microchip/xc8/v3.00/avr/bin/../lib/gcc/avr/5.4.0/../../../../avr/lib/avr5\libc.a(__fmt_u.o)
                0x0000000000001096                __cvt_u

.text.parse_command
                0x0000000000001160       0xb4
 .text.parse_command
                0x0000000000001160       0xb4 build/default/debug/command_execution.o
                0x0000000000001160                parse_command

.text.__fmt_o   0x0000000000001214       0xb2
 .text.__fmt_o  0x0000000000001214       0xb2 c:/program files/microchip/xc8/v3.00/avr/bin/../lib/gcc/avr/5.4.0/../../../../avr/lib/avr5\libc.a(__fmt_o.o)
                0x0000000000001214                __fmt_o
                0x0000000000001214                __fmt_o_needed

.text.fputc     0x00000000000012c6       0x98
 .text.fputc    0x00000000000012c6       0x98 c:/program files/microchip/xc8/v3.00/avr/bin/../lib/gcc/avr/5.4.0/../../../../avr/lib/avr5\libc.a(fputc.o)
                0x00000000000012c6                fputc
                0x00000000000012c6                putc

.text.write_2_nibbles
                0x000000000000135e       0x8e
 .text.write_2_nibbles
                0x000000000000135e       0x8e build/default/debug/setup_LCD_PEX.o
                0x000000000000135e                write_2_nibbles

.text.__fmt_u   0x00000000000013ec       0x8e
 .text.__fmt_u  0x00000000000013ec       0x8e c:/program files/microchip/xc8/v3.00/avr/bin/../lib/gcc/avr/5.4.0/../../../../avr/lib/avr5\libc.a(__fmt_u.o)
                0x00000000000013ec                __fmt_u_needed
                0x00000000000013ec                __fmt_u

.text.strtok    0x000000000000147a       0x7e
 .text.strtok   0x000000000000147a       0x7e c:/program files/microchip/xc8/v3.00/avr/bin/../lib/gcc/avr/5.4.0/../../../../avr/lib/avr5\libc.a(strtok.o)
                0x000000000000147a                strtok

.text.__printf_core
                0x00000000000014f8       0x78
 .text.__printf_core
                0x00000000000014f8       0x78 c:/program files/microchip/xc8/v3.00/avr/bin/../lib/gcc/avr/5.4.0/../../../../avr/lib/avr5\libc.a(__printf_core.o)
                0x00000000000014f8                __printf_core

.text.__vsnprintf
                0x0000000000001570       0x74
 .text.__vsnprintf
                0x0000000000001570       0x74 c:/program files/microchip/xc8/v3.00/avr/bin/../lib/gcc/avr/5.4.0/../../../../avr/lib/avr5\libc.a(__int_vsnprintf.o)
                0x0000000000001570                __vsnprintf

.text.__pad     0x00000000000015e4       0x72
 .text.__pad    0x00000000000015e4       0x72 c:/program files/microchip/xc8/v3.00/avr/bin/../lib/gcc/avr/5.4.0/../../../../avr/lib/avr5\libc.a(__printf_core.o)
                0x00000000000015e4                __pad

.text.setup     0x0000000000001656       0x64
 .text.setup    0x0000000000001656       0x64 build/default/debug/main.o
                0x0000000000001656                setup

.text.uart_receive_command
                0x00000000000016ba       0x62
 .text.uart_receive_command
                0x00000000000016ba       0x62 build/default/debug/UART_setup.o
                0x00000000000016ba                uart_receive_command

.text.read_prec_or_width
                0x000000000000171c       0x5c
 .text.read_prec_or_width
                0x000000000000171c       0x5c c:/program files/microchip/xc8/v3.00/avr/bin/../lib/gcc/avr/5.4.0/../../../../avr/lib/avr5\libc.a(__printf_core.o)

.text.__fmt_s   0x0000000000001778       0x54
 .text.__fmt_s  0x0000000000001778       0x54 c:/program files/microchip/xc8/v3.00/avr/bin/../lib/gcc/avr/5.4.0/../../../../avr/lib/avr5\libc.a(__fmt_s.o)
                0x0000000000001778                __fmt_s
                0x0000000000001778                __fmt_0_needed
                0x0000000000001778                __fmt_s_needed

.text.print_to_lcd
                0x00000000000017cc       0x50
 .text.print_to_lcd
                0x00000000000017cc       0x50 build/default/debug/command_execution.o
                0x00000000000017cc                print_to_lcd

.text.twi_start_wait
                0x000000000000181c       0x50
 .text.twi_start_wait
                0x000000000000181c       0x50 build/default/debug/setup_TWI.o
                0x000000000000181c                twi_start_wait

.text.twi_start
                0x000000000000186c       0x4e
 .text.twi_start
                0x000000000000186c       0x4e build/default/debug/setup_TWI.o
                0x000000000000186c                twi_start

.text.libgcc.div
                0x00000000000018ba       0x44
 .text.libgcc.div
                0x00000000000018ba       0x44 c:/program files/microchip/xc8/v3.00/avr/bin/../lib/gcc/avr/5.4.0/avr5\libgcc.a(_udivmodsi4.o)
                0x00000000000018ba                __udivmodsi4

.text.__fmt_state
                0x00000000000018fe       0x40
 .text.__fmt_state
                0x00000000000018fe       0x40 c:/program files/microchip/xc8/v3.00/avr/bin/../lib/gcc/avr/5.4.0/../../../../avr/lib/avr5\libc.a(__printf_core.o)
                0x00000000000018fe                __fmt_state

.text.strncmp   0x000000000000193e       0x3e
 .text.strncmp  0x000000000000193e       0x3e c:/program files/microchip/xc8/v3.00/avr/bin/../lib/gcc/avr/5.4.0/../../../../avr/lib/avr5\libc.a(strncmp.o)
                0x000000000000193e                strncmp

.text.__out     0x000000000000197c       0x3a
 .text.__out    0x000000000000197c       0x3a c:/program files/microchip/xc8/v3.00/avr/bin/../lib/gcc/avr/5.4.0/../../../../avr/lib/avr5\libc.a(__printf_core.o)
                0x000000000000197c                __out

.text.strcspn   0x00000000000019b6       0x3a
 .text.strcspn  0x00000000000019b6       0x3a c:/program files/microchip/xc8/v3.00/avr/bin/../lib/gcc/avr/5.4.0/../../../../avr/lib/avr5\libc.a(strcspn.o)
                0x00000000000019b6                strcspn

.text.strspn    0x00000000000019f0       0x3a
 .text.strspn   0x00000000000019f0       0x3a c:/program files/microchip/xc8/v3.00/avr/bin/../lib/gcc/avr/5.4.0/../../../../avr/lib/avr5\libc.a(strspn.o)
                0x00000000000019f0                strspn

.text.libgcc.prologue
                0x0000000000001a2a       0x38
 .text.libgcc.prologue
                0x0000000000001a2a       0x38 c:/program files/microchip/xc8/v3.00/avr/bin/../lib/gcc/avr/5.4.0/avr5\libgcc.a(_prologue.o)
                0x0000000000001a2a                __prologue_saves__

.text.libgcc.prologue
                0x0000000000001a62       0x36
 .text.libgcc.prologue
                0x0000000000001a62       0x36 c:/program files/microchip/xc8/v3.00/avr/bin/../lib/gcc/avr/5.4.0/avr5\libgcc.a(_epilogue.o)
                0x0000000000001a62                __epilogue_restores__

.text.strncpy   0x0000000000001a98       0x34
 .text.strncpy  0x0000000000001a98       0x34 c:/program files/microchip/xc8/v3.00/avr/bin/../lib/gcc/avr/5.4.0/../../../../avr/lib/avr5\libc.a(strncpy.o)
                0x0000000000001a98                strncpy

.text.__vfprintf
                0x0000000000001acc       0x30
 .text.__vfprintf
                0x0000000000001acc       0x30 c:/program files/microchip/xc8/v3.00/avr/bin/../lib/gcc/avr/5.4.0/../../../../avr/lib/avr5\libc.a(__int_vfprintf.o)
                0x0000000000001acc                __vfprintf

.text.lcd_command
                0x0000000000001afc       0x2a
 .text.lcd_command
                0x0000000000001afc       0x2a build/default/debug/setup_LCD_PEX.o
                0x0000000000001afc                lcd_command

.text.lcd_data  0x0000000000001b26       0x2a
 .text.lcd_data
                0x0000000000001b26       0x2a build/default/debug/setup_LCD_PEX.o
                0x0000000000001b26                lcd_data

.text.isalnum   0x0000000000001b50       0x28
 .text.isalnum  0x0000000000001b50       0x28 c:/program files/microchip/xc8/v3.00/avr/bin/../lib/gcc/avr/5.4.0/../../../../avr/lib/avr5\libc.a(isalnum.o)
                0x0000000000001b50                isalnum

.text.read_eeprom
                0x0000000000001b78       0x26
 .text.read_eeprom
                0x0000000000001b78       0x26 build/default/debug/eeprom.o
                0x0000000000001b78                read_eeprom

.text.PCA9555_0_read
                0x0000000000001b9e       0x26
 .text.PCA9555_0_read
                0x0000000000001b9e       0x26 build/default/debug/setup_TWI.o
                0x0000000000001b9e                PCA9555_0_read

.text.twi_write
                0x0000000000001bc4       0x24
 .text.twi_write
                0x0000000000001bc4       0x24 build/default/debug/setup_TWI.o
                0x0000000000001bc4                twi_write

.text.PCA9555_0_write
                0x0000000000001be8       0x24
 .text.PCA9555_0_write
                0x0000000000001be8       0x24 build/default/debug/setup_TWI.o
                0x0000000000001be8                PCA9555_0_write

.text.__wrap_sprintf
                0x0000000000001c0c       0x24
 .text.__wrap_sprintf
                0x0000000000001c0c       0x24 c:/program files/microchip/xc8/v3.00/avr/bin/../lib/gcc/avr/5.4.0/../../../../avr/lib/avr5\libc.a(__sio_sprintf_doux.o)
                0x0000000000001c0c                _sprintf_cdopuxX

.text.avrlibc   0x0000000000001c30       0x20
 .text.avrlibc  0x0000000000001c30       0x20 C:/Program Files/Microchip/MPLABX/v6.20/packs/Microchip/ATmega_DFP/3.1.264/xc8/avr/lib/avr5\libatmega328pb.a(eerd_block.o)
                0x0000000000001c30                eeprom_read_block
                0x0000000000001c34                eeprom_read_blraw

.text.libgcc.mul
                0x0000000000001c50       0x20
 .text.libgcc.mul
                0x0000000000001c50       0x20 c:/program files/microchip/xc8/v3.00/avr/bin/../lib/gcc/avr/5.4.0/avr5\libgcc.a(_mulsi3.o)
                0x0000000000001c50                __mulsi3

.text.usart_send_string
                0x0000000000001c70       0x1e
 .text.usart_send_string
                0x0000000000001c70       0x1e build/default/debug/UART_setup.o
                0x0000000000001c70                usart_send_string

.text.libgcc.mul
                0x0000000000001c8e       0x1e
 .text.libgcc.mul
                0x0000000000001c8e       0x1e c:/program files/microchip/xc8/v3.00/avr/bin/../lib/gcc/avr/5.4.0/avr5\libgcc.a(_umulhisi3.o)
                0x0000000000001c8e                __umulhisi3

.text.strcmp    0x0000000000001cac       0x1c
 .text.strcmp   0x0000000000001cac       0x1c c:/program files/microchip/xc8/v3.00/avr/bin/../lib/gcc/avr/5.4.0/../../../../avr/lib/avr5\libc.a(strcmp.o)
                0x0000000000001cac                strcmp

.text.strlen    0x0000000000001cc8       0x1c
 .text.strlen   0x0000000000001cc8       0x1c c:/program files/microchip/xc8/v3.00/avr/bin/../lib/gcc/avr/5.4.0/../../../../avr/lib/avr5\libc.a(strlen.o)
                0x0000000000001cc8                strlen

.text.avrlibc   0x0000000000001ce4       0x1c
 .text.avrlibc  0x0000000000001ce4       0x1c C:/Program Files/Microchip/MPLABX/v6.20/packs/Microchip/ATmega_DFP/3.1.264/xc8/avr/lib/avr5\libatmega328pb.a(eewr_byte.o)
                0x0000000000001ce4                eeprom_write_byte
                0x0000000000001ce6                eeprom_write_r18

.text.usart_init
                0x0000000000001d00       0x1a
 .text.usart_init
                0x0000000000001d00       0x1a build/default/debug/UART_setup.o
                0x0000000000001d00                usart_init

.text.write_eeprom
                0x0000000000001d1a       0x1a
 .text.write_eeprom
                0x0000000000001d1a       0x1a build/default/debug/eeprom.o
                0x0000000000001d1a                write_eeprom

.text.strchr    0x0000000000001d34       0x18
 .text.strchr   0x0000000000001d34       0x18 c:/program files/microchip/xc8/v3.00/avr/bin/../lib/gcc/avr/5.4.0/../../../../avr/lib/avr5\libc.a(strchr.o)
                0x0000000000001d34                strchr

.text.main      0x0000000000001d4c       0x16
 .text.main     0x0000000000001d4c       0x16 build/default/debug/main.o
                0x0000000000001d4c                main

.text.twi_readNak
                0x0000000000001d62       0x16
 .text.twi_readNak
                0x0000000000001d62       0x16 build/default/debug/setup_TWI.o
                0x0000000000001d62                twi_readNak

.text.exit      0x0000000000001d78       0x16
 .text.exit     0x0000000000001d78       0x16 c:/program files/microchip/xc8/v3.00/avr/bin/../lib/gcc/avr/5.4.0/../../../../avr/lib/avr5\libc.a(exit.o)
                0x0000000000001d78                exit

.text.libgcc.mul
                0x0000000000001d8e       0x16
 .text.libgcc.mul
                0x0000000000001d8e       0x16 c:/program files/microchip/xc8/v3.00/avr/bin/../lib/gcc/avr/5.4.0/avr5\libgcc.a(_muluhisi3.o)
                0x0000000000001d8e                __muluhisi3

.text.lcd_clear_display
                0x0000000000001da4       0x14
 .text.lcd_clear_display
                0x0000000000001da4       0x14 build/default/debug/setup_LCD_PEX.o
                0x0000000000001da4                lcd_clear_display

.text.lcd_set_cursor
                0x0000000000001db8       0x14
 .text.lcd_set_cursor
                0x0000000000001db8       0x14 build/default/debug/setup_LCD_PEX.o
                0x0000000000001db8                lcd_set_cursor

.text.avrlibc   0x0000000000001dcc       0x14
 .text.avrlibc  0x0000000000001dcc       0x14 C:/Program Files/Microchip/MPLABX/v6.20/packs/Microchip/ATmega_DFP/3.1.264/xc8/avr/lib/avr5\libatmega328pb.a(eewr_block.o)
                0x0000000000001dcc                eeprom_write_block

.text.twi_stop  0x0000000000001de0       0x12
 .text.twi_stop
                0x0000000000001de0       0x12 build/default/debug/setup_TWI.o
                0x0000000000001de0                twi_stop

.text.memset    0x0000000000001df2       0x12
 .text.memset   0x0000000000001df2       0x12 c:/program files/microchip/xc8/v3.00/avr/bin/../lib/gcc/avr/5.4.0/../../../../avr/lib/avr5\libc.a(memset.o)
                0x0000000000001df2                memset

.text.toupper   0x0000000000001e04       0x12
 .text.toupper  0x0000000000001e04       0x12 c:/program files/microchip/xc8/v3.00/avr/bin/../lib/gcc/avr/5.4.0/../../../../avr/lib/avr5\libc.a(toupper.o)
                0x0000000000001e04                toupper

.text.usart_transmit
                0x0000000000001e16       0x10
 .text.usart_transmit
                0x0000000000001e16       0x10 build/default/debug/UART_setup.o
                0x0000000000001e16                usart_transmit

.text.usart_receive
                0x0000000000001e26       0x10
 .text.usart_receive
                0x0000000000001e26       0x10 build/default/debug/UART_setup.o
                0x0000000000001e26                usart_receive

.text.tolower   0x0000000000001e36       0x10
 .text.tolower  0x0000000000001e36       0x10 c:/program files/microchip/xc8/v3.00/avr/bin/../lib/gcc/avr/5.4.0/../../../../avr/lib/avr5\libc.a(tolower.o)
                0x0000000000001e36                tolower

.text.__vsprintf
                0x0000000000001e46        0xe
 .text.__vsprintf
                0x0000000000001e46        0xe c:/program files/microchip/xc8/v3.00/avr/bin/../lib/gcc/avr/5.4.0/../../../../avr/lib/avr5\libc.a(__int_vsprintf.o)
                0x0000000000001e46                __vsprintf

.text.twi_init  0x0000000000001e54        0xc
 .text.twi_init
                0x0000000000001e54        0xc build/default/debug/setup_TWI.o
                0x0000000000001e54                twi_init

.text.strtoul   0x0000000000001e60        0x8
 .text.strtoul  0x0000000000001e60        0x8 c:/program files/microchip/xc8/v3.00/avr/bin/../lib/gcc/avr/5.4.0/../../../../avr/lib/avr5\libc.a(strtoul.o)
                0x0000000000001e60                strtoul

.text.twi_rep_start
                0x0000000000001e68        0x6
 .text.twi_rep_start
                0x0000000000001e68        0x6 build/default/debug/setup_TWI.o
                0x0000000000001e68                twi_rep_start

.text           0x0000000000001e6e        0x4
 .text          0x0000000000001e6e        0x4 C:/Program Files/Microchip/MPLABX/v6.20/packs/Microchip/ATmega_DFP/3.1.264/xc8/avr/lib/avr5/crtatmega328pb.o
                0x0000000000001e6e                __vector_38
                0x0000000000001e6e                __vector_22
                0x0000000000001e6e                __vector_28
                0x0000000000001e6e                __vector_1
                0x0000000000001e6e                __vector_32
                0x0000000000001e6e                __vector_34
                0x0000000000001e6e                __vector_24
                0x0000000000001e6e                __vector_12
                0x0000000000001e6e                __bad_interrupt
                0x0000000000001e6e                __vector_6
                0x0000000000001e6e                __vector_31
                0x0000000000001e6e                __vector_35
                0x0000000000001e6e                __vector_39
                0x0000000000001e6e                __vector_3
                0x0000000000001e6e                __vector_23
                0x0000000000001e6e                __vector_30
                0x0000000000001e6e                __vector_25
                0x0000000000001e6e                __vector_11
                0x0000000000001e6e                __vector_13
                0x0000000000001e6e                __vector_17
                0x0000000000001e6e                __vector_19
                0x0000000000001e6e                __vector_7
                0x0000000000001e6e                __vector_41
                0x0000000000001e6e                __vector_43
                0x0000000000001e6e                __vector_27
                0x0000000000001e6e                __vector_5
                0x0000000000001e6e                __vector_33
                0x0000000000001e6e                __vector_37
                0x0000000000001e6e                __vector_4
                0x0000000000001e6e                __vector_44
                0x0000000000001e6e                __vector_9
                0x0000000000001e6e                __vector_2
                0x0000000000001e6e                __vector_21
                0x0000000000001e6e                __vector_15
                0x0000000000001e6e                __vector_36
                0x0000000000001e6e                __vector_29
                0x0000000000001e6e                __vector_40
                0x0000000000001e6e                __vector_8
                0x0000000000001e6e                __vector_26
                0x0000000000001e6e                __vector_14
                0x0000000000001e6e                __vector_10
                0x0000000000001e6e                __vector_16
                0x0000000000001e6e                __vector_18
                0x0000000000001e6e                __vector_20
                0x0000000000001e6e                __vector_42

.text._Exit     0x0000000000001e72        0x4
 .text._Exit    0x0000000000001e72        0x4 c:/program files/microchip/xc8/v3.00/avr/bin/../lib/gcc/avr/5.4.0/../../../../avr/lib/avr5\libc.a(_Exit.o)
                0x0000000000001e72                _Exit

.text.__dummy_fini
                0x0000000000001e76        0x2
 .text.__dummy_fini
                0x0000000000001e76        0x2 c:/program files/microchip/xc8/v3.00/avr/bin/../lib/gcc/avr/5.4.0/../../../../avr/lib/avr5\libc.a(exit.o)
                0x0000000000001e76                _fini

.text.__dummy_funcs_on_exit
                0x0000000000001e78        0x2
 .text.__dummy_funcs_on_exit
                0x0000000000001e78        0x2 c:/program files/microchip/xc8/v3.00/avr/bin/../lib/gcc/avr/5.4.0/../../../../avr/lib/avr5\libc.a(exit.o)
                0x0000000000001e78                __funcs_on_exit

.text.__dummy_simulator_exit
                0x0000000000001e7a        0x2
 .text.__dummy_simulator_exit
                0x0000000000001e7a        0x2 c:/program files/microchip/xc8/v3.00/avr/bin/../lib/gcc/avr/5.4.0/../../../../avr/lib/avr5\libc.a(exit.o)
                0x0000000000001e7a                __simulator_exit

.rodata         0x0000000000800102      0x1c2 load address 0x0000000000001e7c
 .rodata        0x0000000000800102      0x1c2 build/default/debug/command_execution.o

.rodata         0x00000000008002e4       0x1a load address 0x000000000000203e
 .rodata        0x00000000008002e4       0x1a build/default/debug/main.o

.rodata.state_table
                0x00000000008002fe       0x16 load address 0x0000000000002058
 .rodata.state_table
                0x00000000008002fe       0x16 c:/program files/microchip/xc8/v3.00/avr/bin/../lib/gcc/avr/5.4.0/../../../../avr/lib/avr5\libc.a(__printf_core.o)

.rodata.nuls.2781
                0x0000000000800314        0x7 load address 0x000000000000206e
 .rodata.nuls.2781
                0x0000000000800314        0x7 c:/program files/microchip/xc8/v3.00/avr/bin/../lib/gcc/avr/5.4.0/../../../../avr/lib/avr5\libc.a(__fmt_s.o)

.rodata.nilstr.2962
                0x000000000080031b        0x6 load address 0x0000000000002075
 .rodata.nilstr.2962
                0x000000000080031b        0x6 c:/program files/microchip/xc8/v3.00/avr/bin/../lib/gcc/avr/5.4.0/../../../../avr/lib/avr5\libc.a(__printf_core.o)

.rodata         0x0000000000800321        0x2 load address 0x000000000000207b
 .rodata        0x0000000000800321        0x2 build/default/debug/UART_setup.o
